test20211001
22:08 合并分支
